2026-03-08 20:10:54,125 - INFO - ==================================================
2026-03-08 20:10:54,126 - INFO - ORDER REQUEST SUMMARY
2026-03-08 20:10:54,130 - INFO - ==================================================
2026-03-08 20:10:54,130 - INFO - Symbol: ETHUSDT
2026-03-08 20:10:54,130 - INFO - Side: SELL
2026-03-08 20:10:54,133 - INFO - Order Type: LIMIT
2026-03-08 20:10:54,133 - INFO - Quantity: 0.1
2026-03-08 20:10:54,136 - INFO - Price: 3000.0
2026-03-08 20:10:54,138 - INFO - ==================================================
2026-03-08 20:10:54,141 - INFO - Binance Futures Testnet client initialized
2026-03-08 20:10:54,141 - INFO - Placing LIMIT SELL order for ETHUSDT qty: 0.1
2026-03-08 20:10:54,766 - INFO - Order Response: {'code': -2015, 'msg': 'Invalid API-key, IP, or permissions for action'}
2026-03-08 20:10:54,767 - INFO - ORDER SUCCESSFUL!
2026-03-08 20:10:54,768 - INFO - ==================================================
2026-03-08 20:10:54,768 - INFO - ORDER RESPONSE DETAILS
2026-03-08 20:10:54,768 - INFO - ==================================================
2026-03-08 20:10:54,769 - INFO - Order ID: N/A
2026-03-08 20:10:54,769 - INFO - Status: N/A
2026-03-08 20:10:54,769 - INFO - Executed Qty: N/A
2026-03-08 20:10:54,769 - INFO - Avg Price: N/A
2026-03-08 20:10:54,770 - INFO - Side: N/A
2026-03-08 20:10:54,770 - INFO - Type: N/A
2026-03-08 20:10:54,771 - INFO - ==================================================
2026-03-08 20:10:54,771 - INFO - SUCCESS: Order placed successfully on Testnet
2026-03-08 20:11:11,129 - INFO - ==================================================
2026-03-08 20:11:11,130 - INFO - ORDER REQUEST SUMMARY
2026-03-08 20:11:11,130 - INFO - ==================================================
2026-03-08 20:11:11,131 - INFO - Symbol: BTCUSDT
2026-03-08 20:11:11,131 - INFO - Side: BUY
2026-03-08 20:11:11,131 - INFO - Order Type: MARKET
2026-03-08 20:11:11,132 - INFO - Quantity: 0.001
2026-03-08 20:11:11,134 - INFO - ==================================================
2026-03-08 20:11:11,135 - INFO - Binance Futures Testnet client initialized
2026-03-08 20:11:11,137 - INFO - Placing MARKET BUY order for BTCUSDT qty: 0.001
2026-03-08 20:11:11,659 - INFO - Order Response: {'code': -2015, 'msg': 'Invalid API-key, IP, or permissions for action'}
2026-03-08 20:11:11,663 - INFO - ORDER SUCCESSFUL!
2026-03-08 20:11:11,663 - INFO - ==================================================
2026-03-08 20:11:11,667 - INFO - ORDER RESPONSE DETAILS
2026-03-08 20:11:11,668 - INFO - ==================================================
2026-03-08 20:11:11,668 - INFO - Order ID: N/A
2026-03-08 20:11:11,668 - INFO - Status: N/A
2026-03-08 20:11:11,668 - INFO - Executed Qty: N/A
2026-03-08 20:11:11,669 - INFO - Avg Price: N/A
2026-03-08 20:11:11,669 - INFO - Side: N/A
2026-03-08 20:11:11,669 - INFO - Type: N/A
2026-03-08 20:11:11,669 - INFO - ==================================================
2026-03-08 20:11:11,669 - INFO - SUCCESS: Order placed successfully on Testnet
2026-03-08 20:22:14,600 - INFO - ==================================================
2026-03-08 20:22:14,600 - INFO - ORDER REQUEST SUMMARY
2026-03-08 20:22:14,601 - INFO - ==================================================
2026-03-08 20:22:14,602 - INFO - Symbol: BTCUSDT
2026-03-08 20:22:14,602 - INFO - Side: BUY
2026-03-08 20:22:14,602 - INFO - Order Type: MARKET
2026-03-08 20:22:14,602 - INFO - Quantity: 0.001
2026-03-08 20:22:14,603 - INFO - ==================================================
2026-03-08 20:22:14,603 - INFO - Binance Futures Testnet client initialized
2026-03-08 20:22:14,604 - INFO - Placing MARKET BUY order for BTCUSDT qty: 0.001
2026-03-08 20:22:15,757 - INFO - Order Response: {'code': -2015, 'msg': 'Invalid API-key, IP, or permissions for action'}
2026-03-08 20:22:15,764 - INFO - ORDER SUCCESSFUL!
2026-03-08 20:22:15,765 - INFO - ==================================================
2026-03-08 20:22:15,765 - INFO - ORDER RESPONSE DETAILS
2026-03-08 20:22:15,765 - INFO - ==================================================
2026-03-08 20:22:15,766 - INFO - Order ID: N/A
2026-03-08 20:22:15,766 - INFO - Status: N/A
2026-03-08 20:22:15,766 - INFO - Executed Qty: N/A
2026-03-08 20:22:15,766 - INFO - Avg Price: N/A
2026-03-08 20:22:15,779 - INFO - Side: N/A
2026-03-08 20:22:15,781 - INFO - Type: N/A
2026-03-08 20:22:15,781 - INFO - ==================================================
2026-03-08 20:22:15,781 - INFO - SUCCESS: Order placed successfully on Testnet
